// Jest Snapshot v1, https://goo.gl/fbAQLP

exports[`create and match snapshot 1`] = `
<button
  className="btn btn-primary"
  disabled={false}
  type="button"
/>
`;
