// Jest Snapshot v1, https://goo.gl/fbAQLP

exports[`create and match snapshot 1`] = `
<div
  className="work carousel slide"
  onKeyDown={[Function]}
  onMouseOut={[Function]}
  onMouseOver={[Function]}
>
  <ol
    className="carousel-indicators"
  >
    <li
      className="active"
      onClick={[Function]}
    />
     
    <li
      className={null}
      onClick={[Function]}
    />
     
  </ol>
  <div
    className="carousel-inner"
  >
    <div
      className="carousel-item active carousel-item"
    >
      <div
        className="review"
      >
        <div
          className="image-container"
          id=""
        >
          <img
            src="http://place-puppy.com/101x101"
          />
        </div>
        <div
          className="review-text"
        >
          <div
            className="info-text"
          >
            <p>
              "Justo voluptua gubergren duo eos sadipscing amet et rebum dolores ut, ut ea sadipscing et tempor lorem lorem diam, dolore."
            </p>
          </div>
          <div
            className="review-name-conatiner"
          >
            <div
              className="dash"
            />
            <span
              className="review-name"
            >
               
              Joe
            </span>
          </div>
        </div>
      </div>
    </div>
    <div
      className="carousel-item carousel-item"
    >
      <div
        className="review"
      >
        <div
          className="image-container"
          id=""
        >
          <img
            src="http://place-puppy.com/101x102"
          />
        </div>
        <div
          className="review-text"
        >
          <div
            className="info-text"
          >
            <p>
              "Lorem ipsum dolor sit amet consectetur adipisicing elit. Adipisci, nihil nisi. Molestias ab facilis esse voluptatibus vero excepturi optio laborum, rem, modi nihil expedita. Omnis necessitatibus dignissimos qui minus mollitia?"
            </p>
          </div>
          <div
            className="review-name-conatiner"
          >
            <div
              className="dash"
            />
            <span
              className="review-name"
            >
               
              Sam
            </span>
          </div>
        </div>
      </div>
    </div>
  </div>
  <a
    className="carousel-control-prev"
    href="#"
    onClick={[Function]}
    onKeyDown={[Function]}
    role="button"
  >
    <span
      aria-hidden="true"
      className="carousel-control-prev-icon"
    />
    <span
      className="sr-only"
    >
      Previous
    </span>
  </a>
  <a
    className="carousel-control-next"
    href="#"
    onClick={[Function]}
    onKeyDown={[Function]}
    role="button"
  >
    <span
      aria-hidden="true"
      className="carousel-control-next-icon"
    />
    <span
      className="sr-only"
    >
      Next
    </span>
  </a>
</div>
`;
