// Jest Snapshot v1, https://goo.gl/fbAQLP

exports[`create and match snapshot 1`] = `
<div
  className="image-container"
  id=""
>
  <img />
</div>
`;
